// Jest Snapshot v1, https://goo.gl/fbAQLP

exports[`City Comparison Components CompareControls should render correctly 1`] = `
<div>
  <div
    class="space-y-6"
  >
    <div>
      <label
        class="peer-disabled:cursor-not-allowed peer-disabled:opacity-70 text-sm font-medium mb-2 block"
      >
        Selected Cities
      </label>
      <div
        class="flex flex-wrap gap-2 mb-2"
      >
        <div
          class="flex items-center bg-platform-contrast/50 border border-platform-accent/30 rounded-full pl-3 pr-2 py-1 text-sm"
        >
          <span
            class="text-[#12001a] font-medium"
          >
            Seattle
          </span>
          <button
            aria-label="Remove Seattle"
            class="ml-2 text-platform-accent hover:text-platform-accent/80"
          >
            <svg
              class="lucide lucide-x"
              fill="none"
              height="16"
              stroke="currentColor"
              stroke-linecap="round"
              stroke-linejoin="round"
              stroke-width="2"
              viewBox="0 0 24 24"
              width="16"
              xmlns="http://www.w3.org/2000/svg"
            >
              <path
                d="M18 6 6 18"
              />
              <path
                d="m6 6 12 12"
              />
            </svg>
          </button>
        </div>
        <div
          class="flex items-center bg-platform-contrast/50 border border-platform-accent/30 rounded-full pl-3 pr-2 py-1 text-sm"
        >
          <span
            class="text-[#12001a] font-medium"
          >
            Los Angeles
          </span>
          <button
            aria-label="Remove Los Angeles"
            class="ml-2 text-platform-accent hover:text-platform-accent/80"
          >
            <svg
              class="lucide lucide-x"
              fill="none"
              height="16"
              stroke="currentColor"
              stroke-linecap="round"
              stroke-linejoin="round"
              stroke-width="2"
              viewBox="0 0 24 24"
              width="16"
              xmlns="http://www.w3.org/2000/svg"
            >
              <path
                d="M18 6 6 18"
              />
              <path
                d="m6 6 12 12"
              />
            </svg>
          </button>
        </div>
      </div>
      <div
        class="flex items-center gap-2"
      >
        <button
          aria-autocomplete="none"
          aria-controls="radix-:r0:"
          aria-expanded="false"
          class="flex h-10 items-center justify-between rounded-md border border-platform-accent bg-platform-contrast px-3 py-2 text-platform-text text-sm focus:outline-none focus:ring-2 focus:ring-platform-accent focus:ring-offset-2 disabled:cursor-not-allowed disabled:opacity-50 w-48"
          data-placeholder=""
          data-state="closed"
          dir="ltr"
          role="combobox"
          type="button"
        >
          <span
            style="pointer-events: none;"
          >
            Add a city
          </span>
          <svg
            aria-hidden="true"
            class="lucide lucide-chevron-down h-4 w-4 text-platform-accent"
            fill="none"
            height="24"
            stroke="currentColor"
            stroke-linecap="round"
            stroke-linejoin="round"
            stroke-width="2"
            viewBox="0 0 24 24"
            width="24"
            xmlns="http://www.w3.org/2000/svg"
          >
            <path
              d="m6 9 6 6 6-6"
            />
          </svg>
        </button>
        <button
          class="inline-flex items-center justify-center whitespace-nowrap rounded-md text-sm font-medium ring-offset-background transition-colors focus-visible:outline-none focus-visible:ring-2 focus-visible:ring-ring focus-visible:ring-offset-2 disabled:pointer-events-none disabled:opacity-50 bg-primary text-primary-foreground hover:bg-primary/90 h-10 px-4 py-2"
          disabled=""
          tabindex="0"
        >
          Add
        </button>
      </div>
    </div>
    <div
      class="flex flex-wrap items-center gap-6"
    >
      <div
        class="flex items-center space-x-2"
      >
        <label
          class="text-sm font-medium leading-none peer-disabled:cursor-not-allowed peer-disabled:opacity-70"
          for="threshold"
        >
          Hot Days Threshold
        </label>
        <button
          aria-autocomplete="none"
          aria-controls="radix-:r1:"
          aria-expanded="false"
          class="flex h-10 items-center justify-between rounded-md border border-platform-accent bg-platform-contrast px-3 py-2 text-platform-text text-sm focus:outline-none focus:ring-2 focus:ring-platform-accent focus:ring-offset-2 disabled:cursor-not-allowed disabled:opacity-50 w-24"
          data-state="closed"
          dir="ltr"
          role="combobox"
          type="button"
        >
          <span
            style="pointer-events: none;"
          >
            90Â°F
          </span>
          <svg
            aria-hidden="true"
            class="lucide lucide-chevron-down h-4 w-4 text-platform-accent"
            fill="none"
            height="24"
            stroke="currentColor"
            stroke-linecap="round"
            stroke-linejoin="round"
            stroke-width="2"
            viewBox="0 0 24 24"
            width="24"
            xmlns="http://www.w3.org/2000/svg"
          >
            <path
              d="m6 9 6 6 6-6"
            />
          </svg>
        </button>
      </div>
    </div>
  </div>
</div>
`;
