// Jest Snapshot v1, https://goo.gl/fbAQLP

exports[`Climate Costs Components EmissionsOverlayLine should render nothing when no data 1`] = `<div />`;
